Archive member included to satisfy reference by file (symbol)

/usr/lib/gcc/arm-none-eabi/13.2.1/../../../arm-none-eabi/lib/thumb/v7e-m+fp/hard/libc_nano.a(libc_a-memset.o)
                              gcc/FreeRTOS/Source/tasks.o (memset)
/usr/lib/gcc/arm-none-eabi/13.2.1/../../../arm-none-eabi/lib/thumb/v7e-m+fp/hard/libc_nano.a(libc_a-memcpy.o)
                              gcc/FreeRTOS/Source/queue.o (memcpy)

Discarded input sections

 .text          0x00000000        0x0 gcc/libs/startup_tm4c123.o
 .data          0x00000000        0x0 gcc/libs/startup_tm4c123.o
 .bss           0x00000000        0x0 gcc/libs/startup_tm4c123.o
 .text.SystemInit
                0x00000000        0xe gcc/libs/startup_tm4c123.o
 .text          0x00000000        0x0 gcc/libs/system_tm4c123.o
 .data          0x00000000        0x0 gcc/libs/system_tm4c123.o
 .bss           0x00000000        0x0 gcc/libs/system_tm4c123.o
 .data.crystaltable
                0x00000000       0x80 gcc/libs/system_tm4c123.o
 .rodata.crystaltablesize
                0x00000000        0x4 gcc/libs/system_tm4c123.o
 .text.FindCrystalEncoding
                0x00000000       0x44 gcc/libs/system_tm4c123.o
 .text.SystemCoreClockSet
                0x00000000      0x44c gcc/libs/system_tm4c123.o
 .text.GetOscillatorFrequency
                0x00000000       0x80 gcc/libs/system_tm4c123.o
 .text.SystemCoreClockUpdate
                0x00000000       0x18 gcc/libs/system_tm4c123.o
 .text.SystemCoreClockGet
                0x00000000       0xfc gcc/libs/system_tm4c123.o
 .text          0x00000000        0x0 gcc/src/main.o
 .data          0x00000000        0x0 gcc/src/main.o
 .bss           0x00000000        0x0 gcc/src/main.o
 .text          0x00000000        0x0 gcc/FreeRTOS/Source/tasks.o
 .data          0x00000000        0x0 gcc/FreeRTOS/Source/tasks.o
 .bss           0x00000000        0x0 gcc/FreeRTOS/Source/tasks.o
 .bss.pxCurrentTCB
                0x00000000        0x4 gcc/FreeRTOS/Source/tasks.o
 .bss.pxReadyTasksLists
                0x00000000       0x64 gcc/FreeRTOS/Source/tasks.o
 .bss.xDelayedTaskList1
                0x00000000       0x14 gcc/FreeRTOS/Source/tasks.o
 .bss.xDelayedTaskList2
                0x00000000       0x14 gcc/FreeRTOS/Source/tasks.o
 .bss.pxDelayedTaskList
                0x00000000        0x4 gcc/FreeRTOS/Source/tasks.o
 .bss.pxOverflowDelayedTaskList
                0x00000000        0x4 gcc/FreeRTOS/Source/tasks.o
 .bss.xPendingReadyList
                0x00000000       0x14 gcc/FreeRTOS/Source/tasks.o
 .bss.xTasksWaitingTermination
                0x00000000       0x14 gcc/FreeRTOS/Source/tasks.o
 .bss.uxDeletedTasksWaitingCleanUp
                0x00000000        0x4 gcc/FreeRTOS/Source/tasks.o
 .bss.xSuspendedTaskList
                0x00000000       0x14 gcc/FreeRTOS/Source/tasks.o
 .bss.uxCurrentNumberOfTasks
                0x00000000        0x4 gcc/FreeRTOS/Source/tasks.o
 .bss.xTickCount
                0x00000000        0x4 gcc/FreeRTOS/Source/tasks.o
 .bss.uxTopReadyPriority
                0x00000000        0x4 gcc/FreeRTOS/Source/tasks.o
 .bss.xSchedulerRunning
                0x00000000        0x4 gcc/FreeRTOS/Source/tasks.o
 .bss.xPendedTicks
                0x00000000        0x4 gcc/FreeRTOS/Source/tasks.o
 .bss.xYieldPendings
                0x00000000        0x4 gcc/FreeRTOS/Source/tasks.o
 .bss.xNumOfOverflows
                0x00000000        0x4 gcc/FreeRTOS/Source/tasks.o
 .bss.uxTaskNumber
                0x00000000        0x4 gcc/FreeRTOS/Source/tasks.o
 .bss.xNextTaskUnblockTime
                0x00000000        0x4 gcc/FreeRTOS/Source/tasks.o
 .bss.xIdleTaskHandles
                0x00000000        0x4 gcc/FreeRTOS/Source/tasks.o
 .rodata.uxTopUsedPriority
                0x00000000        0x4 gcc/FreeRTOS/Source/tasks.o
 .bss.uxSchedulerSuspended
                0x00000000        0x4 gcc/FreeRTOS/Source/tasks.o
 .text.prvCreateTask
                0x00000000       0x78 gcc/FreeRTOS/Source/tasks.o
 .text.xTaskCreate
                0x00000000       0x46 gcc/FreeRTOS/Source/tasks.o
 .text.prvInitialiseNewTask
                0x00000000       0xe0 gcc/FreeRTOS/Source/tasks.o
 .text.prvAddNewTaskToReadyList
                0x00000000      0x128 gcc/FreeRTOS/Source/tasks.o
 .text.vTaskDelete
                0x00000000      0x120 gcc/FreeRTOS/Source/tasks.o
 .text.vTaskDelay
                0x00000000       0x48 gcc/FreeRTOS/Source/tasks.o
 .text.vTaskSuspend
                0x00000000      0x120 gcc/FreeRTOS/Source/tasks.o
 .text.prvTaskIsTaskSuspended
                0x00000000       0x70 gcc/FreeRTOS/Source/tasks.o
 .text.vTaskResume
                0x00000000       0xf4 gcc/FreeRTOS/Source/tasks.o
 .text.xTaskResumeFromISR
                0x00000000      0x120 gcc/FreeRTOS/Source/tasks.o
 .rodata        0x00000000        0x5 gcc/FreeRTOS/Source/tasks.o
 .text.prvCreateIdleTasks
                0x00000000       0xac gcc/FreeRTOS/Source/tasks.o
 .text.vTaskStartScheduler
                0x00000000       0x68 gcc/FreeRTOS/Source/tasks.o
 .text.vTaskEndScheduler
                0x00000000       0x64 gcc/FreeRTOS/Source/tasks.o
 .text.vTaskSuspendAll
                0x00000000       0x1c gcc/FreeRTOS/Source/tasks.o
 .text.xTaskResumeAll
                0x00000000      0x1f0 gcc/FreeRTOS/Source/tasks.o
 .text.xTaskGetTickCount
                0x00000000       0x20 gcc/FreeRTOS/Source/tasks.o
 .text.xTaskGetTickCountFromISR
                0x00000000       0x24 gcc/FreeRTOS/Source/tasks.o
 .text.uxTaskGetNumberOfTasks
                0x00000000       0x18 gcc/FreeRTOS/Source/tasks.o
 .text.pcTaskGetName
                0x00000000       0x2c gcc/FreeRTOS/Source/tasks.o
 .text.xTaskCatchUpTicks
                0x00000000       0x34 gcc/FreeRTOS/Source/tasks.o
 .text.xTaskIncrementTick
                0x00000000      0x210 gcc/FreeRTOS/Source/tasks.o
 .text.vTaskSwitchContext
                0x00000000       0xec gcc/FreeRTOS/Source/tasks.o
 .text.vTaskPlaceOnEventList
                0x00000000       0x2c gcc/FreeRTOS/Source/tasks.o
 .text.vTaskPlaceOnUnorderedEventList
                0x00000000       0x70 gcc/FreeRTOS/Source/tasks.o
 .text.vTaskPlaceOnEventListRestricted
                0x00000000       0x70 gcc/FreeRTOS/Source/tasks.o
 .text.xTaskRemoveFromEventList
                0x00000000      0x194 gcc/FreeRTOS/Source/tasks.o
 .text.vTaskRemoveFromUnorderedEventList
                0x00000000      0x148 gcc/FreeRTOS/Source/tasks.o
 .text.vTaskSetTimeOutState
                0x00000000       0x30 gcc/FreeRTOS/Source/tasks.o
 .text.vTaskInternalSetTimeOutState
                0x00000000       0x2c gcc/FreeRTOS/Source/tasks.o
 .text.xTaskCheckForTimeOut
                0x00000000       0x94 gcc/FreeRTOS/Source/tasks.o
 .text.vTaskMissedYield
                0x00000000       0x18 gcc/FreeRTOS/Source/tasks.o
 .text.prvIdleTask
                0x00000000       0x30 gcc/FreeRTOS/Source/tasks.o
 .text.prvInitialiseTaskLists
                0x00000000       0x80 gcc/FreeRTOS/Source/tasks.o
 .text.prvCheckTasksWaitingTermination
                0x00000000       0x5c gcc/FreeRTOS/Source/tasks.o
 .text.prvDeleteTCB
                0x00000000       0x20 gcc/FreeRTOS/Source/tasks.o
 .text.prvResetNextTaskUnblockTime
                0x00000000       0x38 gcc/FreeRTOS/Source/tasks.o
 .text.xTaskGetCurrentTaskHandle
                0x00000000       0x20 gcc/FreeRTOS/Source/tasks.o
 .text.xTaskGetCurrentTaskHandleForCore
                0x00000000       0x30 gcc/FreeRTOS/Source/tasks.o
 .text.xTaskGetSchedulerState
                0x00000000       0x3c gcc/FreeRTOS/Source/tasks.o
 .text.xTaskPriorityInherit
                0x00000000      0x140 gcc/FreeRTOS/Source/tasks.o
 .text.xTaskPriorityDisinherit
                0x00000000      0x108 gcc/FreeRTOS/Source/tasks.o
 .text.vTaskPriorityDisinheritAfterTimeout
                0x00000000      0x130 gcc/FreeRTOS/Source/tasks.o
 .text.uxTaskResetEventItemValue
                0x00000000       0x30 gcc/FreeRTOS/Source/tasks.o
 .text.pvTaskIncrementMutexHeldCount
                0x00000000       0x30 gcc/FreeRTOS/Source/tasks.o
 .text.ulTaskGenericNotifyTake
                0x00000000       0xf0 gcc/FreeRTOS/Source/tasks.o
 .text.xTaskGenericNotifyWait
                0x00000000      0x124 gcc/FreeRTOS/Source/tasks.o
 .text.xTaskGenericNotify
                0x00000000      0x1d4 gcc/FreeRTOS/Source/tasks.o
 .text.xTaskGenericNotifyFromISR
                0x00000000      0x24c gcc/FreeRTOS/Source/tasks.o
 .text.vTaskGenericNotifyGiveFromISR
                0x00000000      0x1bc gcc/FreeRTOS/Source/tasks.o
 .text.xTaskGenericNotifyStateClear
                0x00000000       0x58 gcc/FreeRTOS/Source/tasks.o
 .text.ulTaskGenericNotifyValueClear
                0x00000000       0x60 gcc/FreeRTOS/Source/tasks.o
 .text.prvAddCurrentTaskToDelayedList
                0x00000000      0x104 gcc/FreeRTOS/Source/tasks.o
 .text.vTaskResetState
                0x00000000       0xa0 gcc/FreeRTOS/Source/tasks.o
 .debug_info    0x00000000     0x1bd7 gcc/FreeRTOS/Source/tasks.o
 .debug_abbrev  0x00000000      0x38d gcc/FreeRTOS/Source/tasks.o
 .debug_aranges
                0x00000000      0x1c0 gcc/FreeRTOS/Source/tasks.o
 .debug_rnglists
                0x00000000      0x172 gcc/FreeRTOS/Source/tasks.o
 .debug_line    0x00000000     0x1145 gcc/FreeRTOS/Source/tasks.o
 .debug_str     0x00000000     0x100d gcc/FreeRTOS/Source/tasks.o
 .comment       0x00000000       0x27 gcc/FreeRTOS/Source/tasks.o
 .debug_frame   0x00000000      0x7b0 gcc/FreeRTOS/Source/tasks.o
 .ARM.attributes
                0x00000000       0x34 gcc/FreeRTOS/Source/tasks.o
 .text          0x00000000        0x0 gcc/FreeRTOS/Source/queue.o
 .data          0x00000000        0x0 gcc/FreeRTOS/Source/queue.o
 .bss           0x00000000        0x0 gcc/FreeRTOS/Source/queue.o
 .text.xQueueGenericReset
                0x00000000       0xe8 gcc/FreeRTOS/Source/queue.o
 .text.xQueueGenericCreate
                0x00000000       0x7e gcc/FreeRTOS/Source/queue.o
 .text.prvInitialiseNewQueue
                0x00000000       0x3e gcc/FreeRTOS/Source/queue.o
 .text.prvInitialiseMutex
                0x00000000       0x34 gcc/FreeRTOS/Source/queue.o
 .text.xQueueCreateMutex
                0x00000000       0x30 gcc/FreeRTOS/Source/queue.o
 .text.xQueueGenericSend
                0x00000000      0x154 gcc/FreeRTOS/Source/queue.o
 .text.xQueueGenericSendFromISR
                0x00000000       0xca gcc/FreeRTOS/Source/queue.o
 .text.xQueueGiveFromISR
                0x00000000       0xb8 gcc/FreeRTOS/Source/queue.o
 .text.xQueueReceive
                0x00000000      0x144 gcc/FreeRTOS/Source/queue.o
 .text.xQueueSemaphoreTake
                0x00000000      0x190 gcc/FreeRTOS/Source/queue.o
 .text.xQueuePeek
                0x00000000      0x148 gcc/FreeRTOS/Source/queue.o
 .text.xQueueReceiveFromISR
                0x00000000       0xc2 gcc/FreeRTOS/Source/queue.o
 .text.xQueuePeekFromISR
                0x00000000       0x66 gcc/FreeRTOS/Source/queue.o
 .text.uxQueueMessagesWaiting
                0x00000000       0x20 gcc/FreeRTOS/Source/queue.o
 .text.uxQueueSpacesAvailable
                0x00000000       0x2a gcc/FreeRTOS/Source/queue.o
 .text.uxQueueMessagesWaitingFromISR
                0x00000000       0x20 gcc/FreeRTOS/Source/queue.o
 .text.vQueueDelete
                0x00000000       0x1a gcc/FreeRTOS/Source/queue.o
 .text.uxQueueGetQueueItemSize
                0x00000000       0x18 gcc/FreeRTOS/Source/queue.o
 .text.uxQueueGetQueueLength
                0x00000000       0x18 gcc/FreeRTOS/Source/queue.o
 .text.prvGetHighestPriorityOfWaitToReceiveList
                0x00000000       0x30 gcc/FreeRTOS/Source/queue.o
 .text.prvCopyDataToQueue
                0x00000000       0xd4 gcc/FreeRTOS/Source/queue.o
 .text.prvCopyDataFromQueue
                0x00000000       0x4c gcc/FreeRTOS/Source/queue.o
 .text.prvUnlockQueue
                0x00000000       0xa4 gcc/FreeRTOS/Source/queue.o
 .text.prvIsQueueEmpty
                0x00000000       0x2c gcc/FreeRTOS/Source/queue.o
 .text.xQueueIsQueueEmptyFromISR
                0x00000000       0x2c gcc/FreeRTOS/Source/queue.o
 .text.prvIsQueueFull
                0x00000000       0x30 gcc/FreeRTOS/Source/queue.o
 .text.xQueueIsQueueFullFromISR
                0x00000000       0x30 gcc/FreeRTOS/Source/queue.o
 .text.vQueueWaitForMessageRestricted
                0x00000000       0x68 gcc/FreeRTOS/Source/queue.o
 .debug_info    0x00000000     0x10f6 gcc/FreeRTOS/Source/queue.o
 .debug_abbrev  0x00000000      0x2bc gcc/FreeRTOS/Source/queue.o
 .debug_aranges
                0x00000000       0xf8 gcc/FreeRTOS/Source/queue.o
 .debug_rnglists
                0x00000000       0xbf gcc/FreeRTOS/Source/queue.o
 .debug_line    0x00000000      0xa88 gcc/FreeRTOS/Source/queue.o
 .debug_str     0x00000000      0x9bf gcc/FreeRTOS/Source/queue.o
 .comment       0x00000000       0x27 gcc/FreeRTOS/Source/queue.o
 .debug_frame   0x00000000      0x418 gcc/FreeRTOS/Source/queue.o
 .ARM.attributes
                0x00000000       0x34 gcc/FreeRTOS/Source/queue.o
 .text          0x00000000        0x0 gcc/FreeRTOS/Source/list.o
 .data          0x00000000        0x0 gcc/FreeRTOS/Source/list.o
 .bss           0x00000000        0x0 gcc/FreeRTOS/Source/list.o
 .text.vListInitialise
                0x00000000       0x40 gcc/FreeRTOS/Source/list.o
 .text.vListInitialiseItem
                0x00000000       0x1a gcc/FreeRTOS/Source/list.o
 .text.vListInsertEnd
                0x00000000       0x48 gcc/FreeRTOS/Source/list.o
 .text.vListInsert
                0x00000000       0x72 gcc/FreeRTOS/Source/list.o
 .text.uxListRemove
                0x00000000       0x54 gcc/FreeRTOS/Source/list.o
 .debug_info    0x00000000      0x29a gcc/FreeRTOS/Source/list.o
 .debug_abbrev  0x00000000       0xec gcc/FreeRTOS/Source/list.o
 .debug_aranges
                0x00000000       0x40 gcc/FreeRTOS/Source/list.o
 .debug_rnglists
                0x00000000       0x2b gcc/FreeRTOS/Source/list.o
 .debug_line    0x00000000      0x1ec gcc/FreeRTOS/Source/list.o
 .debug_str     0x00000000      0x2cd gcc/FreeRTOS/Source/list.o
 .comment       0x00000000       0x27 gcc/FreeRTOS/Source/list.o
 .debug_frame   0x00000000       0xd8 gcc/FreeRTOS/Source/list.o
 .ARM.attributes
                0x00000000       0x34 gcc/FreeRTOS/Source/list.o
 .text          0x00000000        0x0 gcc/FreeRTOS/Source/timers.o
 .data          0x00000000        0x0 gcc/FreeRTOS/Source/timers.o
 .bss           0x00000000        0x0 gcc/FreeRTOS/Source/timers.o
 .bss.xActiveTimerList1
                0x00000000       0x14 gcc/FreeRTOS/Source/timers.o
 .bss.xActiveTimerList2
                0x00000000       0x14 gcc/FreeRTOS/Source/timers.o
 .bss.pxCurrentTimerList
                0x00000000        0x4 gcc/FreeRTOS/Source/timers.o
 .bss.pxOverflowTimerList
                0x00000000        0x4 gcc/FreeRTOS/Source/timers.o
 .bss.xTimerQueue
                0x00000000        0x4 gcc/FreeRTOS/Source/timers.o
 .bss.xTimerTaskHandle
                0x00000000        0x4 gcc/FreeRTOS/Source/timers.o
 .rodata        0x00000000        0x8 gcc/FreeRTOS/Source/timers.o
 .text.xTimerCreateTimerTask
                0x00000000       0x48 gcc/FreeRTOS/Source/timers.o
 .text.xTimerCreate
                0x00000000       0x42 gcc/FreeRTOS/Source/timers.o
 .text.prvInitialiseNewTimer
                0x00000000       0x54 gcc/FreeRTOS/Source/timers.o
 .text.xTimerGenericCommandFromTask
                0x00000000       0x70 gcc/FreeRTOS/Source/timers.o
 .text.xTimerGenericCommandFromISR
                0x00000000       0x54 gcc/FreeRTOS/Source/timers.o
 .text.xTimerGetTimerDaemonTaskHandle
                0x00000000       0x18 gcc/FreeRTOS/Source/timers.o
 .text.xTimerGetPeriod
                0x00000000       0x1c gcc/FreeRTOS/Source/timers.o
 .text.vTimerSetReloadMode
                0x00000000       0x4a gcc/FreeRTOS/Source/timers.o
 .text.xTimerGetReloadMode
                0x00000000       0x36 gcc/FreeRTOS/Source/timers.o
 .text.uxTimerGetReloadMode
                0x00000000       0x1c gcc/FreeRTOS/Source/timers.o
 .text.xTimerGetExpiryTime
                0x00000000       0x20 gcc/FreeRTOS/Source/timers.o
 .text.pcTimerGetName
                0x00000000       0x1c gcc/FreeRTOS/Source/timers.o
 .text.prvReloadTimer
                0x00000000       0x42 gcc/FreeRTOS/Source/timers.o
 .text.prvProcessExpiredTimer
                0x00000000       0x60 gcc/FreeRTOS/Source/timers.o
 .text.prvTimerTask
                0x00000000       0x24 gcc/FreeRTOS/Source/timers.o
 .text.prvProcessTimerOrBlockTask
                0x00000000       0x9c gcc/FreeRTOS/Source/timers.o
 .text.prvGetNextExpireTime
                0x00000000       0x48 gcc/FreeRTOS/Source/timers.o
 .text.prvSampleTimeNow
                0x00000000       0x40 gcc/FreeRTOS/Source/timers.o
 .text.prvInsertTimerInActiveList
                0x00000000       0x84 gcc/FreeRTOS/Source/timers.o
 .text.prvProcessReceivedCommands
                0x00000000      0x170 gcc/FreeRTOS/Source/timers.o
 .text.prvSwitchTimerLists
                0x00000000       0x4c gcc/FreeRTOS/Source/timers.o
 .text.prvCheckForValidListAndQueue
                0x00000000       0x54 gcc/FreeRTOS/Source/timers.o
 .text.xTimerIsTimerActive
                0x00000000       0x36 gcc/FreeRTOS/Source/timers.o
 .text.pvTimerGetTimerID
                0x00000000       0x24 gcc/FreeRTOS/Source/timers.o
 .text.vTimerSetTimerID
                0x00000000       0x24 gcc/FreeRTOS/Source/timers.o
 .text.vTimerResetState
                0x00000000       0x24 gcc/FreeRTOS/Source/timers.o
 .bss.xLastTime.0
                0x00000000        0x4 gcc/FreeRTOS/Source/timers.o
 .debug_info    0x00000000      0xcad gcc/FreeRTOS/Source/timers.o
 .debug_abbrev  0x00000000      0x29f gcc/FreeRTOS/Source/timers.o
 .debug_aranges
                0x00000000       0xe8 gcc/FreeRTOS/Source/timers.o
 .debug_rnglists
                0x00000000       0xac gcc/FreeRTOS/Source/timers.o
 .debug_line    0x00000000      0x65d gcc/FreeRTOS/Source/timers.o
 .debug_str     0x00000000      0x8d7 gcc/FreeRTOS/Source/timers.o
 .comment       0x00000000       0x27 gcc/FreeRTOS/Source/timers.o
 .debug_frame   0x00000000      0x3b4 gcc/FreeRTOS/Source/timers.o
 .ARM.attributes
                0x00000000       0x34 gcc/FreeRTOS/Source/timers.o
 .text          0x00000000        0x0 gcc/FreeRTOS/Source/event_groups.o
 .data          0x00000000        0x0 gcc/FreeRTOS/Source/event_groups.o
 .bss           0x00000000        0x0 gcc/FreeRTOS/Source/event_groups.o
 .text.xEventGroupCreate
                0x00000000       0x2e gcc/FreeRTOS/Source/event_groups.o
 .text.xEventGroupSync
                0x00000000       0xf0 gcc/FreeRTOS/Source/event_groups.o
 .text.xEventGroupWaitBits
                0x00000000      0x114 gcc/FreeRTOS/Source/event_groups.o
 .text.xEventGroupClearBits
                0x00000000       0x34 gcc/FreeRTOS/Source/event_groups.o
 .text.xEventGroupGetBitsFromISR
                0x00000000       0x48 gcc/FreeRTOS/Source/event_groups.o
 .text.xEventGroupSetBits
                0x00000000       0xde gcc/FreeRTOS/Source/event_groups.o
 .text.vEventGroupDelete
                0x00000000       0x40 gcc/FreeRTOS/Source/event_groups.o
 .text.vEventGroupSetBitsCallback
                0x00000000       0x1a gcc/FreeRTOS/Source/event_groups.o
 .text.vEventGroupClearBitsCallback
                0x00000000       0x1a gcc/FreeRTOS/Source/event_groups.o
 .text.prvTestWaitCondition
                0x00000000       0x44 gcc/FreeRTOS/Source/event_groups.o
 .debug_info    0x00000000      0x764 gcc/FreeRTOS/Source/event_groups.o
 .debug_abbrev  0x00000000      0x259 gcc/FreeRTOS/Source/event_groups.o
 .debug_aranges
                0x00000000       0x68 gcc/FreeRTOS/Source/event_groups.o
 .debug_rnglists
                0x00000000       0x4c gcc/FreeRTOS/Source/event_groups.o
 .debug_line    0x00000000      0x3e6 gcc/FreeRTOS/Source/event_groups.o
 .debug_str     0x00000000      0x613 gcc/FreeRTOS/Source/event_groups.o
 .comment       0x00000000       0x27 gcc/FreeRTOS/Source/event_groups.o
 .debug_frame   0x00000000      0x180 gcc/FreeRTOS/Source/event_groups.o
 .ARM.attributes
                0x00000000       0x34 gcc/FreeRTOS/Source/event_groups.o
 .text          0x00000000        0x0 gcc/FreeRTOS/Source/portable/GCC/ARM_CM4F/port.o
 .data          0x00000000        0x0 gcc/FreeRTOS/Source/portable/GCC/ARM_CM4F/port.o
 .bss           0x00000000        0x0 gcc/FreeRTOS/Source/portable/GCC/ARM_CM4F/port.o
 .data.uxCriticalNesting
                0x00000000        0x4 gcc/FreeRTOS/Source/portable/GCC/ARM_CM4F/port.o
 .text.pxPortInitialiseStack
                0x00000000       0x68 gcc/FreeRTOS/Source/portable/GCC/ARM_CM4F/port.o
 .text.prvTaskExitError
                0x00000000       0x34 gcc/FreeRTOS/Source/portable/GCC/ARM_CM4F/port.o
 .text.vPortSVCHandler
                0x00000000       0x24 gcc/FreeRTOS/Source/portable/GCC/ARM_CM4F/port.o
 .text.prvPortStartFirstTask
                0x00000000       0x2c gcc/FreeRTOS/Source/portable/GCC/ARM_CM4F/port.o
 .text.xPortStartScheduler
                0x00000000       0x70 gcc/FreeRTOS/Source/portable/GCC/ARM_CM4F/port.o
 .text.vPortEndScheduler
                0x00000000        0xe gcc/FreeRTOS/Source/portable/GCC/ARM_CM4F/port.o
 .text.vPortEnterCritical
                0x00000000       0x34 gcc/FreeRTOS/Source/portable/GCC/ARM_CM4F/port.o
 .text.vPortExitCritical
                0x00000000       0x34 gcc/FreeRTOS/Source/portable/GCC/ARM_CM4F/port.o
 .text.xPortPendSVHandler
                0x00000000       0x64 gcc/FreeRTOS/Source/portable/GCC/ARM_CM4F/port.o
 .text.xPortSysTickHandler
                0x00000000       0x44 gcc/FreeRTOS/Source/portable/GCC/ARM_CM4F/port.o
 .text.vPortSetupTimerInterrupt
                0x00000000       0x34 gcc/FreeRTOS/Source/portable/GCC/ARM_CM4F/port.o
 .text.vPortEnableVFP
                0x00000000       0x18 gcc/FreeRTOS/Source/portable/GCC/ARM_CM4F/port.o
 .debug_info    0x00000000      0x31b gcc/FreeRTOS/Source/portable/GCC/ARM_CM4F/port.o
 .debug_abbrev  0x00000000      0x21d gcc/FreeRTOS/Source/portable/GCC/ARM_CM4F/port.o
 .debug_aranges
                0x00000000       0x78 gcc/FreeRTOS/Source/portable/GCC/ARM_CM4F/port.o
 .debug_rnglists
                0x00000000       0x55 gcc/FreeRTOS/Source/portable/GCC/ARM_CM4F/port.o
 .debug_line    0x00000000      0x2c6 gcc/FreeRTOS/Source/portable/GCC/ARM_CM4F/port.o
 .debug_str     0x00000000      0x374 gcc/FreeRTOS/Source/portable/GCC/ARM_CM4F/port.o
 .comment       0x00000000       0x27 gcc/FreeRTOS/Source/portable/GCC/ARM_CM4F/port.o
 .debug_frame   0x00000000      0x178 gcc/FreeRTOS/Source/portable/GCC/ARM_CM4F/port.o
 .ARM.attributes
                0x00000000       0x34 gcc/FreeRTOS/Source/portable/GCC/ARM_CM4F/port.o
 .text          0x00000000        0x0 gcc/FreeRTOS/Source/portable/MemMang/heap_4.o
 .data          0x00000000        0x0 gcc/FreeRTOS/Source/portable/MemMang/heap_4.o
 .bss           0x00000000        0x0 gcc/FreeRTOS/Source/portable/MemMang/heap_4.o
 .bss.ucHeap    0x00000000     0x2000 gcc/FreeRTOS/Source/portable/MemMang/heap_4.o
 .rodata.xHeapStructSize
                0x00000000        0x4 gcc/FreeRTOS/Source/portable/MemMang/heap_4.o
 .bss.xStart    0x00000000        0x8 gcc/FreeRTOS/Source/portable/MemMang/heap_4.o
 .bss.pxEnd     0x00000000        0x4 gcc/FreeRTOS/Source/portable/MemMang/heap_4.o
 .bss.xFreeBytesRemaining
                0x00000000        0x4 gcc/FreeRTOS/Source/portable/MemMang/heap_4.o
 .bss.xMinimumEverFreeBytesRemaining
                0x00000000        0x4 gcc/FreeRTOS/Source/portable/MemMang/heap_4.o
 .bss.xNumberOfSuccessfulAllocations
                0x00000000        0x4 gcc/FreeRTOS/Source/portable/MemMang/heap_4.o
 .bss.xNumberOfSuccessfulFrees
                0x00000000        0x4 gcc/FreeRTOS/Source/portable/MemMang/heap_4.o
 .text.pvPortMalloc
                0x00000000      0x164 gcc/FreeRTOS/Source/portable/MemMang/heap_4.o
 .text.vPortFree
                0x00000000       0x74 gcc/FreeRTOS/Source/portable/MemMang/heap_4.o
 .text.xPortGetFreeHeapSize
                0x00000000       0x18 gcc/FreeRTOS/Source/portable/MemMang/heap_4.o
 .text.xPortGetMinimumEverFreeHeapSize
                0x00000000       0x18 gcc/FreeRTOS/Source/portable/MemMang/heap_4.o
 .text.xPortResetHeapMinimumEverFreeHeapSize
                0x00000000       0x20 gcc/FreeRTOS/Source/portable/MemMang/heap_4.o
 .text.vPortInitialiseBlocks
                0x00000000        0xe gcc/FreeRTOS/Source/portable/MemMang/heap_4.o
 .text.pvPortCalloc
                0x00000000       0x60 gcc/FreeRTOS/Source/portable/MemMang/heap_4.o
 .text.prvHeapInit
                0x00000000       0xb4 gcc/FreeRTOS/Source/portable/MemMang/heap_4.o
 .text.prvInsertBlockIntoFreeList
                0x00000000       0xb4 gcc/FreeRTOS/Source/portable/MemMang/heap_4.o
 .text.vPortGetHeapStats
                0x00000000       0xbc gcc/FreeRTOS/Source/portable/MemMang/heap_4.o
 .text.vPortHeapResetState
                0x00000000       0x40 gcc/FreeRTOS/Source/portable/MemMang/heap_4.o
 .debug_info    0x00000000      0x4a0 gcc/FreeRTOS/Source/portable/MemMang/heap_4.o
 .debug_abbrev  0x00000000      0x1f3 gcc/FreeRTOS/Source/portable/MemMang/heap_4.o
 .debug_aranges
                0x00000000       0x70 gcc/FreeRTOS/Source/portable/MemMang/heap_4.o
 .debug_rnglists
                0x00000000       0x53 gcc/FreeRTOS/Source/portable/MemMang/heap_4.o
 .debug_line    0x00000000      0x450 gcc/FreeRTOS/Source/portable/MemMang/heap_4.o
 .debug_str     0x00000000      0x527 gcc/FreeRTOS/Source/portable/MemMang/heap_4.o
 .comment       0x00000000       0x27 gcc/FreeRTOS/Source/portable/MemMang/heap_4.o
 .debug_frame   0x00000000      0x190 gcc/FreeRTOS/Source/portable/MemMang/heap_4.o
 .ARM.attributes
                0x00000000       0x34 gcc/FreeRTOS/Source/portable/MemMang/heap_4.o
 .text          0x00000000       0xa4 /usr/lib/gcc/arm-none-eabi/13.2.1/../../../arm-none-eabi/lib/thumb/v7e-m+fp/hard/libc_nano.a(libc_a-memset.o)
 .data          0x00000000        0x0 /usr/lib/gcc/arm-none-eabi/13.2.1/../../../arm-none-eabi/lib/thumb/v7e-m+fp/hard/libc_nano.a(libc_a-memset.o)
 .bss           0x00000000        0x0 /usr/lib/gcc/arm-none-eabi/13.2.1/../../../arm-none-eabi/lib/thumb/v7e-m+fp/hard/libc_nano.a(libc_a-memset.o)
 .debug_info    0x00000000      0x135 /usr/lib/gcc/arm-none-eabi/13.2.1/../../../arm-none-eabi/lib/thumb/v7e-m+fp/hard/libc_nano.a(libc_a-memset.o)
 .debug_abbrev  0x00000000       0xb7 /usr/lib/gcc/arm-none-eabi/13.2.1/../../../arm-none-eabi/lib/thumb/v7e-m+fp/hard/libc_nano.a(libc_a-memset.o)
 .debug_loclists
                0x00000000      0x1c2 /usr/lib/gcc/arm-none-eabi/13.2.1/../../../arm-none-eabi/lib/thumb/v7e-m+fp/hard/libc_nano.a(libc_a-memset.o)
 .debug_aranges
                0x00000000       0x20 /usr/lib/gcc/arm-none-eabi/13.2.1/../../../arm-none-eabi/lib/thumb/v7e-m+fp/hard/libc_nano.a(libc_a-memset.o)
 .debug_line    0x00000000      0x1b6 /usr/lib/gcc/arm-none-eabi/13.2.1/../../../arm-none-eabi/lib/thumb/v7e-m+fp/hard/libc_nano.a(libc_a-memset.o)
 .debug_str     0x00000000      0x1ad /usr/lib/gcc/arm-none-eabi/13.2.1/../../../arm-none-eabi/lib/thumb/v7e-m+fp/hard/libc_nano.a(libc_a-memset.o)
 .comment       0x00000000       0x27 /usr/lib/gcc/arm-none-eabi/13.2.1/../../../arm-none-eabi/lib/thumb/v7e-m+fp/hard/libc_nano.a(libc_a-memset.o)
 .debug_frame   0x00000000       0x2c /usr/lib/gcc/arm-none-eabi/13.2.1/../../../arm-none-eabi/lib/thumb/v7e-m+fp/hard/libc_nano.a(libc_a-memset.o)
 .ARM.attributes
                0x00000000       0x34 /usr/lib/gcc/arm-none-eabi/13.2.1/../../../arm-none-eabi/lib/thumb/v7e-m+fp/hard/libc_nano.a(libc_a-memset.o)
 .text          0x00000000      0x134 /usr/lib/gcc/arm-none-eabi/13.2.1/../../../arm-none-eabi/lib/thumb/v7e-m+fp/hard/libc_nano.a(libc_a-memcpy.o)
 .data          0x00000000        0x0 /usr/lib/gcc/arm-none-eabi/13.2.1/../../../arm-none-eabi/lib/thumb/v7e-m+fp/hard/libc_nano.a(libc_a-memcpy.o)
 .bss           0x00000000        0x0 /usr/lib/gcc/arm-none-eabi/13.2.1/../../../arm-none-eabi/lib/thumb/v7e-m+fp/hard/libc_nano.a(libc_a-memcpy.o)
 .ARM.extab     0x00000000        0x0 /usr/lib/gcc/arm-none-eabi/13.2.1/../../../arm-none-eabi/lib/thumb/v7e-m+fp/hard/libc_nano.a(libc_a-memcpy.o)
 .ARM.exidx     0x00000000        0x8 /usr/lib/gcc/arm-none-eabi/13.2.1/../../../arm-none-eabi/lib/thumb/v7e-m+fp/hard/libc_nano.a(libc_a-memcpy.o)
 .debug_line    0x00000000       0xb9 /usr/lib/gcc/arm-none-eabi/13.2.1/../../../arm-none-eabi/lib/thumb/v7e-m+fp/hard/libc_nano.a(libc_a-memcpy.o)
 .debug_line_str
                0x00000000       0x99 /usr/lib/gcc/arm-none-eabi/13.2.1/../../../arm-none-eabi/lib/thumb/v7e-m+fp/hard/libc_nano.a(libc_a-memcpy.o)
 .debug_info    0x00000000       0x33 /usr/lib/gcc/arm-none-eabi/13.2.1/../../../arm-none-eabi/lib/thumb/v7e-m+fp/hard/libc_nano.a(libc_a-memcpy.o)
 .debug_abbrev  0x00000000       0x28 /usr/lib/gcc/arm-none-eabi/13.2.1/../../../arm-none-eabi/lib/thumb/v7e-m+fp/hard/libc_nano.a(libc_a-memcpy.o)
 .debug_aranges
                0x00000000       0x20 /usr/lib/gcc/arm-none-eabi/13.2.1/../../../arm-none-eabi/lib/thumb/v7e-m+fp/hard/libc_nano.a(libc_a-memcpy.o)
 .debug_str     0x00000000       0xac /usr/lib/gcc/arm-none-eabi/13.2.1/../../../arm-none-eabi/lib/thumb/v7e-m+fp/hard/libc_nano.a(libc_a-memcpy.o)
 .eh_frame      0x00000000       0x2c /usr/lib/gcc/arm-none-eabi/13.2.1/../../../arm-none-eabi/lib/thumb/v7e-m+fp/hard/libc_nano.a(libc_a-memcpy.o)
 .ARM.attributes
                0x00000000       0x20 /usr/lib/gcc/arm-none-eabi/13.2.1/../../../arm-none-eabi/lib/thumb/v7e-m+fp/hard/libc_nano.a(libc_a-memcpy.o)

Memory Configuration

Name             Origin             Length             Attributes
FLASH            0x00000000         0x00040000         xr
RAM              0x20000000         0x00007000         xrw
*default*        0x00000000         0xffffffff

Linker script and memory map

LOAD gcc/libs/startup_tm4c123.o
LOAD gcc/libs/system_tm4c123.o
LOAD gcc/src/main.o
LOAD gcc/FreeRTOS/Source/tasks.o
LOAD gcc/FreeRTOS/Source/queue.o
LOAD gcc/FreeRTOS/Source/list.o
LOAD gcc/FreeRTOS/Source/timers.o
LOAD gcc/FreeRTOS/Source/event_groups.o
LOAD gcc/FreeRTOS/Source/portable/GCC/ARM_CM4F/port.o
LOAD gcc/FreeRTOS/Source/portable/MemMang/heap_4.o
LOAD /usr/lib/gcc/arm-none-eabi/13.2.1/../../../arm-none-eabi/lib/thumb/v7e-m+fp/hard/libm.a
LOAD /usr/lib/gcc/arm-none-eabi/13.2.1/../../../arm-none-eabi/lib/thumb/v7e-m+fp/hard/libc_nano.a
LOAD /usr/lib/gcc/arm-none-eabi/13.2.1/thumb/v7e-m+fp/hard/libgcc.a
START GROUP
LOAD /usr/lib/gcc/arm-none-eabi/13.2.1/thumb/v7e-m+fp/hard/libgcc.a
LOAD /usr/lib/gcc/arm-none-eabi/13.2.1/../../../arm-none-eabi/lib/thumb/v7e-m+fp/hard/libg_nano.a
LOAD /usr/lib/gcc/arm-none-eabi/13.2.1/../../../arm-none-eabi/lib/thumb/v7e-m+fp/hard/libc_nano.a
END GROUP
START GROUP
LOAD /usr/lib/gcc/arm-none-eabi/13.2.1/thumb/v7e-m+fp/hard/libgcc.a
LOAD /usr/lib/gcc/arm-none-eabi/13.2.1/../../../arm-none-eabi/lib/thumb/v7e-m+fp/hard/libc_nano.a
END GROUP
                0x00000000                        _text_start = .
                0x00000000                        _text = .

.text           0x00000000      0x3b0
 *(.nvictable)
 .nvictable     0x00000000      0x26c gcc/libs/startup_tm4c123.o
                0x00000000                nvictable
 *(.text*)
 .text.Default_Handler
                0x0000026c       0x18 gcc/libs/startup_tm4c123.o
                0x0000026c                TIMER16_4B_IRQHandler
                0x0000026c                TIMER64_3A_IRQHandler
                0x0000026c                DebugMon_Handler
                0x0000026c                I2C0_IRQHandler
                0x0000026c                TIMER64_0A_IRQHandler
                0x0000026c                TIMER16_1B_IRQHandler
                0x0000026c                HardFault_Handler
                0x0000026c                GPIOE_IRQHandler
                0x0000026c                GPIOB_IRQHandler
                0x0000026c                GPIOA_IRQHandler
                0x0000026c                SysTick_Handler
                0x0000026c                PendSV_Handler
                0x0000026c                NMI_Handler
                0x0000026c                TIMER64_4B_IRQHandler
                0x0000026c                I2C1_IRQHandler
                0x0000026c                UART1_IRQHandler
                0x0000026c                ADC0Seq0_IRQHandler
                0x0000026c                TIMER16_5B_IRQHandler
                0x0000026c                UART0_IRQHandler
                0x0000026c                SSI0_IRQHandler
                0x0000026c                ADC0Seq1_IRQHandler
                0x0000026c                UsageFault_Handler
                0x0000026c                Hibernation_IRQHandler
                0x0000026c                TIMER64_5A_IRQHandler
                0x0000026c                PORTD_IRQHandler
                0x0000026c                TIMER64_1A_IRQHandler
                0x0000026c                UDMAError_IRQHandler
                0x0000026c                SSI1_IRQHandler
                0x0000026c                GPIOF_IRQHandler
                0x0000026c                I2C2_IRQHandler
                0x0000026c                LPTimer_IRQHandler
                0x0000026c                Flash_IRQHandler
                0x0000026c                ACOMP1_IRQHandler
                0x0000026c                UART5_IRQHandler
                0x0000026c                GPIOD_IRQHandler
                0x0000026c                TIMER64_2A_IRQHandler
                0x0000026c                ACOMP0_IRQHandler
                0x0000026c                GPIOC_IRQHandler
                0x0000026c                UART2_IRQHandler
                0x0000026c                ADC1Seq0_IRQHandler
                0x0000026c                UART4_IRQHandler
                0x0000026c                TIMER16_3B_IRQHandler
                0x0000026c                TIMER16_3A_IRQHandler
                0x0000026c                TIMER64_0B_IRQHandler
                0x0000026c                Default_Handler
                0x0000026c                TIMER16_4A_IRQHandler
                0x0000026c                TIMER16_0A_IRQHandler
                0x0000026c                USB_IRQHandler
                0x0000026c                ADC1Seq2_IRQHandler
                0x0000026c                ADC1Seq1_IRQHandler
                0x0000026c                TIMER64_3B_IRQHandler
                0x0000026c                TIMER16_2A_IRQHandler
                0x0000026c                I2C3_IRQHandler
                0x0000026c                MemManage_Handler
                0x0000026c                WDT_IRQHandler
                0x0000026c                SysCtl_IRQHandler
                0x0000026c                SVC_Handler
                0x0000026c                TIMER16_1A_IRQHandler
                0x0000026c                ADC1Seq3_IRQHandler
                0x0000026c                System_IRQHandler
                0x0000026c                TIMER64_1B_IRQHandler
                0x0000026c                CAN0_IRQHandler
                0x0000026c                TIMER16_2B_IRQHandler
                0x0000026c                ADC0Seq2_IRQHandler
                0x0000026c                PORTA_IRQHandler
                0x0000026c                ADC0Seq3_IRQHandler
                0x0000026c                TIMER16_5A_IRQHandler
                0x0000026c                UART7_IRQHandler
                0x0000026c                UART6_IRQHandler
                0x0000026c                TIMER64_4A_IRQHandler
                0x0000026c                BusFault_Handler
                0x0000026c                UART3_IRQHandler
                0x0000026c                UDMASoft_IRQHandler
                0x0000026c                TIMER16_0B_IRQHandler
                0x0000026c                TIMER64_5B_IRQHandler
                0x0000026c                TIMER64_2B_IRQHandler
 .text._main    0x00000284        0xe gcc/libs/startup_tm4c123.o
                0x00000284                _main
 .text._stop    0x00000292        0x6 gcc/libs/startup_tm4c123.o
                0x00000292                _stop
 .text.Reset_Handler
                0x00000298       0x68 gcc/libs/startup_tm4c123.o
                0x00000298                Reset_Handler
 .text.SystemInit
                0x00000300       0x1c gcc/libs/system_tm4c123.o
                0x00000300                SystemInit
 .text.delay    0x0000031c       0x22 gcc/src/main.o
 *fill*         0x0000033e        0x2 
 .text.main     0x00000340       0x70 gcc/src/main.o
                0x00000340                main
                0x000003b0                        . = ALIGN (0x4)
 *(.rodata*)

.glue_7         0x000003b0        0x0
 .glue_7        0x000003b0        0x0 linker stubs

.glue_7t        0x000003b0        0x0
 .glue_7t       0x000003b0        0x0 linker stubs

.vfp11_veneer   0x000003b0        0x0
 .vfp11_veneer  0x000003b0        0x0 linker stubs

.v4_bx          0x000003b0        0x0
 .v4_bx         0x000003b0        0x0 linker stubs

.iplt           0x000003b0        0x0
 .iplt          0x000003b0        0x0 gcc/libs/startup_tm4c123.o

.rel.dyn        0x000003b0        0x0
 .rel.iplt      0x000003b0        0x0 gcc/libs/startup_tm4c123.o

.ARM.extab
 *(.ARM.extab* .gnu.linkonce.armextab.*)
                0x000003b0                        _exidx_start = .

.ARM.exidx
 *(.ARM.exidx* .gnu.linkonce.armexidx.*)
                0x000003b0                        _exidx_end = .
                0x000003b0                        _text_end = .
                0x000003b0                        _etext = .

.data           0x20000000        0x4 load address 0x000003b0
                0x20000000                        . = ALIGN (0x4)
                0x20000000                        _data_start = .
 *(.data*)
 .data.SystemCoreClock
                0x20000000        0x4 gcc/libs/system_tm4c123.o
                0x20000000                SystemCoreClock
 *(vtable*)
                0x20000004                        _data_end = .

.igot.plt       0x20000004        0x0 load address 0x000003b4
 .igot.plt      0x20000004        0x0 gcc/libs/startup_tm4c123.o

.bss            0x20000004        0x4 load address 0x000003b4
                0x20000004                        . = ALIGN (0x4)
                0x20000004                        _bss_start = .
 *(.bss*)
 .bss.intmask   0x20000004        0x4 gcc/libs/startup_tm4c123.o
                0x20000008                        . = ALIGN (0x4)
 *(COMMON*)
                0x20000008                        . = ALIGN (0x4)
                0x20000008                        _bss_end = .
                0x20000008                        Heap_Mem = .

.heap           0x20000008        0x0
                0x20000008                        _end = .
 *(.heap*)
                0x20000008                        _HeapLimit = .

.stack_dummy    0x20000008        0x0
                0x20000008                        . = ALIGN (0x4)
 *(.stack*)
                0x20007000                        _StackTop = (ORIGIN (RAM) + LENGTH (RAM))
                0x20007000                        _StackLimit = (_StackTop - SIZEOF (.stack_dummy))
                [!provide]                        PROVIDE (_stack = _StackTop)
                0x00000001                        ASSERT ((_StackLimit >= _HeapLimit), region RAM overflowed with stack)
OUTPUT(gcc/main.axf elf32-littlearm)
LOAD linker stubs

.debug_info     0x00000000     0x1dca
 .debug_info    0x00000000      0x31b gcc/libs/startup_tm4c123.o
 .debug_info    0x0000031b      0xdbd gcc/libs/system_tm4c123.o
 .debug_info    0x000010d8      0xcf2 gcc/src/main.o

.debug_abbrev   0x00000000      0x4c2
 .debug_abbrev  0x00000000      0x145 gcc/libs/startup_tm4c123.o
 .debug_abbrev  0x00000145      0x233 gcc/libs/system_tm4c123.o
 .debug_abbrev  0x00000378      0x14a gcc/src/main.o

.debug_aranges  0x00000000       0xb0
 .debug_aranges
                0x00000000       0x40 gcc/libs/startup_tm4c123.o
 .debug_aranges
                0x00000040       0x48 gcc/libs/system_tm4c123.o
 .debug_aranges
                0x00000088       0x28 gcc/src/main.o

.debug_rnglists
                0x00000000       0x78
 .debug_rnglists
                0x00000000       0x2b gcc/libs/startup_tm4c123.o
 .debug_rnglists
                0x0000002b       0x34 gcc/libs/system_tm4c123.o
 .debug_rnglists
                0x0000005f       0x19 gcc/src/main.o

.debug_line     0x00000000      0x6ae
 .debug_line    0x00000000      0x129 gcc/libs/startup_tm4c123.o
 .debug_line    0x00000129      0x4b1 gcc/libs/system_tm4c123.o
 .debug_line    0x000005da       0xd4 gcc/src/main.o

.debug_str      0x00000000      0x93a
 .debug_str     0x00000000      0x93a gcc/libs/startup_tm4c123.o
                                0x27b (size before relaxing)
 .debug_str     0x0000093a      0x83e gcc/libs/system_tm4c123.o
 .debug_str     0x0000093a      0x775 gcc/src/main.o

.comment        0x00000000       0x26
 .comment       0x00000000       0x26 gcc/libs/startup_tm4c123.o
                                 0x27 (size before relaxing)
 .comment       0x00000026       0x27 gcc/libs/system_tm4c123.o
 .comment       0x00000026       0x27 gcc/src/main.o

.ARM.attributes
                0x00000000       0x32
 .ARM.attributes
                0x00000000       0x34 gcc/libs/startup_tm4c123.o
 .ARM.attributes
                0x00000034       0x34 gcc/libs/system_tm4c123.o
 .ARM.attributes
                0x00000068       0x34 gcc/src/main.o

.debug_frame    0x00000000      0x1cc
 .debug_frame   0x00000000       0x90 gcc/libs/startup_tm4c123.o
 .debug_frame   0x00000090       0xe8 gcc/libs/system_tm4c123.o
 .debug_frame   0x00000178       0x54 gcc/src/main.o
