Archive member included to satisfy reference by file (symbol)

/usr/lib/gcc/arm-none-eabi/13.2.1/../../../arm-none-eabi/lib/thumb/v7e-m+fp/hard/libc_nano.a(libc_a-memset.o)
                              gcc/FreeRTOS/Source/tasks.o (memset)
/usr/lib/gcc/arm-none-eabi/13.2.1/../../../arm-none-eabi/lib/thumb/v7e-m+fp/hard/libc_nano.a(libc_a-memcpy.o)
                              gcc/FreeRTOS/Source/queue.o (memcpy)

Discarded input sections

 .text          0x00000000        0x0 gcc/libs/startup_tm4c123.o
 .data          0x00000000        0x0 gcc/libs/startup_tm4c123.o
 .bss           0x00000000        0x0 gcc/libs/startup_tm4c123.o
 .text.SystemInit
                0x00000000        0xe gcc/libs/startup_tm4c123.o
 .text          0x00000000        0x0 gcc/libs/system_tm4c123.o
 .data          0x00000000        0x0 gcc/libs/system_tm4c123.o
 .bss           0x00000000        0x0 gcc/libs/system_tm4c123.o
 .data.crystaltable
                0x00000000       0x80 gcc/libs/system_tm4c123.o
 .rodata.crystaltablesize
                0x00000000        0x4 gcc/libs/system_tm4c123.o
 .text.FindCrystalEncoding
                0x00000000       0x44 gcc/libs/system_tm4c123.o
 .text.SystemCoreClockSet
                0x00000000      0x44c gcc/libs/system_tm4c123.o
 .text.GetOscillatorFrequency
                0x00000000       0x80 gcc/libs/system_tm4c123.o
 .text.SystemCoreClockUpdate
                0x00000000       0x18 gcc/libs/system_tm4c123.o
 .text.SystemCoreClockGet
                0x00000000       0xfc gcc/libs/system_tm4c123.o
 .text          0x00000000        0x0 gcc/src/main.o
 .data          0x00000000        0x0 gcc/src/main.o
 .bss           0x00000000        0x0 gcc/src/main.o
 .text          0x00000000        0x0 gcc/FreeRTOS/Source/tasks.o
 .data          0x00000000        0x0 gcc/FreeRTOS/Source/tasks.o
 .bss           0x00000000        0x0 gcc/FreeRTOS/Source/tasks.o
 .text.vTaskDelete
                0x00000000      0x120 gcc/FreeRTOS/Source/tasks.o
 .text.vTaskSuspend
                0x00000000      0x120 gcc/FreeRTOS/Source/tasks.o
 .text.prvTaskIsTaskSuspended
                0x00000000       0x70 gcc/FreeRTOS/Source/tasks.o
 .text.vTaskResume
                0x00000000       0xf4 gcc/FreeRTOS/Source/tasks.o
 .text.xTaskResumeFromISR
                0x00000000      0x120 gcc/FreeRTOS/Source/tasks.o
 .text.vTaskEndScheduler
                0x00000000       0x58 gcc/FreeRTOS/Source/tasks.o
 .text.xTaskGetTickCount
                0x00000000       0x20 gcc/FreeRTOS/Source/tasks.o
 .text.xTaskGetTickCountFromISR
                0x00000000       0x24 gcc/FreeRTOS/Source/tasks.o
 .text.uxTaskGetNumberOfTasks
                0x00000000       0x18 gcc/FreeRTOS/Source/tasks.o
 .text.pcTaskGetName
                0x00000000       0x2c gcc/FreeRTOS/Source/tasks.o
 .text.xTaskCatchUpTicks
                0x00000000       0x34 gcc/FreeRTOS/Source/tasks.o
 .text.vTaskPlaceOnEventList
                0x00000000       0x2c gcc/FreeRTOS/Source/tasks.o
 .text.vTaskPlaceOnUnorderedEventList
                0x00000000       0x70 gcc/FreeRTOS/Source/tasks.o
 .text.xTaskRemoveFromEventList
                0x00000000      0x194 gcc/FreeRTOS/Source/tasks.o
 .text.vTaskRemoveFromUnorderedEventList
                0x00000000      0x148 gcc/FreeRTOS/Source/tasks.o
 .text.vTaskSetTimeOutState
                0x00000000       0x30 gcc/FreeRTOS/Source/tasks.o
 .text.vTaskInternalSetTimeOutState
                0x00000000       0x2c gcc/FreeRTOS/Source/tasks.o
 .text.xTaskCheckForTimeOut
                0x00000000       0x94 gcc/FreeRTOS/Source/tasks.o
 .text.vTaskMissedYield
                0x00000000       0x18 gcc/FreeRTOS/Source/tasks.o
 .text.xTaskGetCurrentTaskHandle
                0x00000000       0x20 gcc/FreeRTOS/Source/tasks.o
 .text.xTaskGetCurrentTaskHandleForCore
                0x00000000       0x30 gcc/FreeRTOS/Source/tasks.o
 .text.xTaskGetSchedulerState
                0x00000000       0x3c gcc/FreeRTOS/Source/tasks.o
 .text.uxTaskResetEventItemValue
                0x00000000       0x30 gcc/FreeRTOS/Source/tasks.o
 .text.ulTaskGenericNotifyTake
                0x00000000       0xf0 gcc/FreeRTOS/Source/tasks.o
 .text.xTaskGenericNotifyWait
                0x00000000      0x124 gcc/FreeRTOS/Source/tasks.o
 .text.xTaskGenericNotify
                0x00000000      0x1d4 gcc/FreeRTOS/Source/tasks.o
 .text.xTaskGenericNotifyFromISR
                0x00000000      0x24c gcc/FreeRTOS/Source/tasks.o
 .text.vTaskGenericNotifyGiveFromISR
                0x00000000      0x1bc gcc/FreeRTOS/Source/tasks.o
 .text.xTaskGenericNotifyStateClear
                0x00000000       0x58 gcc/FreeRTOS/Source/tasks.o
 .text.ulTaskGenericNotifyValueClear
                0x00000000       0x60 gcc/FreeRTOS/Source/tasks.o
 .text.vTaskResetState
                0x00000000       0xa0 gcc/FreeRTOS/Source/tasks.o
 .text          0x00000000        0x0 gcc/FreeRTOS/Source/queue.o
 .data          0x00000000        0x0 gcc/FreeRTOS/Source/queue.o
 .bss           0x00000000        0x0 gcc/FreeRTOS/Source/queue.o
 .text.xQueueGenericReset
                0x00000000       0xe8 gcc/FreeRTOS/Source/queue.o
 .text.xQueueGenericCreate
                0x00000000       0x7e gcc/FreeRTOS/Source/queue.o
 .text.prvInitialiseNewQueue
                0x00000000       0x3e gcc/FreeRTOS/Source/queue.o
 .text.xQueueGenericSend
                0x00000000      0x154 gcc/FreeRTOS/Source/queue.o
 .text.xQueueGenericSendFromISR
                0x00000000       0xca gcc/FreeRTOS/Source/queue.o
 .text.xQueueGiveFromISR
                0x00000000       0xb8 gcc/FreeRTOS/Source/queue.o
 .text.xQueueReceive
                0x00000000      0x144 gcc/FreeRTOS/Source/queue.o
 .text.xQueueSemaphoreTake
                0x00000000      0x13c gcc/FreeRTOS/Source/queue.o
 .text.xQueuePeek
                0x00000000      0x148 gcc/FreeRTOS/Source/queue.o
 .text.xQueueReceiveFromISR
                0x00000000       0xc2 gcc/FreeRTOS/Source/queue.o
 .text.xQueuePeekFromISR
                0x00000000       0x66 gcc/FreeRTOS/Source/queue.o
 .text.uxQueueMessagesWaiting
                0x00000000       0x20 gcc/FreeRTOS/Source/queue.o
 .text.uxQueueSpacesAvailable
                0x00000000       0x2a gcc/FreeRTOS/Source/queue.o
 .text.uxQueueMessagesWaitingFromISR
                0x00000000       0x20 gcc/FreeRTOS/Source/queue.o
 .text.vQueueDelete
                0x00000000       0x1a gcc/FreeRTOS/Source/queue.o
 .text.uxQueueGetQueueItemSize
                0x00000000       0x18 gcc/FreeRTOS/Source/queue.o
 .text.uxQueueGetQueueLength
                0x00000000       0x18 gcc/FreeRTOS/Source/queue.o
 .text.prvCopyDataToQueue
                0x00000000       0xb8 gcc/FreeRTOS/Source/queue.o
 .text.prvCopyDataFromQueue
                0x00000000       0x4c gcc/FreeRTOS/Source/queue.o
 .text.prvUnlockQueue
                0x00000000       0xa4 gcc/FreeRTOS/Source/queue.o
 .text.prvIsQueueEmpty
                0x00000000       0x2c gcc/FreeRTOS/Source/queue.o
 .text.xQueueIsQueueEmptyFromISR
                0x00000000       0x2c gcc/FreeRTOS/Source/queue.o
 .text.prvIsQueueFull
                0x00000000       0x30 gcc/FreeRTOS/Source/queue.o
 .text.xQueueIsQueueFullFromISR
                0x00000000       0x30 gcc/FreeRTOS/Source/queue.o
 .debug_info    0x00000000      0xf4b gcc/FreeRTOS/Source/queue.o
 .debug_abbrev  0x00000000      0x2a1 gcc/FreeRTOS/Source/queue.o
 .debug_aranges
                0x00000000       0xd8 gcc/FreeRTOS/Source/queue.o
 .debug_rnglists
                0x00000000       0xa7 gcc/FreeRTOS/Source/queue.o
 .debug_line    0x00000000      0x99b gcc/FreeRTOS/Source/queue.o
 .debug_str     0x00000000      0x845 gcc/FreeRTOS/Source/queue.o
 .comment       0x00000000       0x27 gcc/FreeRTOS/Source/queue.o
 .debug_frame   0x00000000      0x384 gcc/FreeRTOS/Source/queue.o
 .ARM.attributes
                0x00000000       0x34 gcc/FreeRTOS/Source/queue.o
 .text          0x00000000        0x0 gcc/FreeRTOS/Source/list.o
 .data          0x00000000        0x0 gcc/FreeRTOS/Source/list.o
 .bss           0x00000000        0x0 gcc/FreeRTOS/Source/list.o
 .text.vListInsertEnd
                0x00000000       0x48 gcc/FreeRTOS/Source/list.o
 .text          0x00000000        0x0 gcc/FreeRTOS/Source/timers.o
 .data          0x00000000        0x0 gcc/FreeRTOS/Source/timers.o
 .bss           0x00000000        0x0 gcc/FreeRTOS/Source/timers.o
 .debug_info    0x00000000       0x73 gcc/FreeRTOS/Source/timers.o
 .debug_abbrev  0x00000000       0x26 gcc/FreeRTOS/Source/timers.o
 .debug_aranges
                0x00000000       0x18 gcc/FreeRTOS/Source/timers.o
 .debug_line    0x00000000       0x39 gcc/FreeRTOS/Source/timers.o
 .debug_str     0x00000000      0x183 gcc/FreeRTOS/Source/timers.o
 .comment       0x00000000       0x27 gcc/FreeRTOS/Source/timers.o
 .ARM.attributes
                0x00000000       0x34 gcc/FreeRTOS/Source/timers.o
 .text          0x00000000        0x0 gcc/FreeRTOS/Source/event_groups.o
 .data          0x00000000        0x0 gcc/FreeRTOS/Source/event_groups.o
 .bss           0x00000000        0x0 gcc/FreeRTOS/Source/event_groups.o
 .text.xEventGroupCreate
                0x00000000       0x2e gcc/FreeRTOS/Source/event_groups.o
 .text.xEventGroupSync
                0x00000000       0xf0 gcc/FreeRTOS/Source/event_groups.o
 .text.xEventGroupWaitBits
                0x00000000      0x114 gcc/FreeRTOS/Source/event_groups.o
 .text.xEventGroupClearBits
                0x00000000       0x34 gcc/FreeRTOS/Source/event_groups.o
 .text.xEventGroupGetBitsFromISR
                0x00000000       0x48 gcc/FreeRTOS/Source/event_groups.o
 .text.xEventGroupSetBits
                0x00000000       0xde gcc/FreeRTOS/Source/event_groups.o
 .text.vEventGroupDelete
                0x00000000       0x40 gcc/FreeRTOS/Source/event_groups.o
 .text.vEventGroupSetBitsCallback
                0x00000000       0x1a gcc/FreeRTOS/Source/event_groups.o
 .text.vEventGroupClearBitsCallback
                0x00000000       0x1a gcc/FreeRTOS/Source/event_groups.o
 .text.prvTestWaitCondition
                0x00000000       0x44 gcc/FreeRTOS/Source/event_groups.o
 .debug_info    0x00000000      0x764 gcc/FreeRTOS/Source/event_groups.o
 .debug_abbrev  0x00000000      0x259 gcc/FreeRTOS/Source/event_groups.o
 .debug_aranges
                0x00000000       0x68 gcc/FreeRTOS/Source/event_groups.o
 .debug_rnglists
                0x00000000       0x4c gcc/FreeRTOS/Source/event_groups.o
 .debug_line    0x00000000      0x3e6 gcc/FreeRTOS/Source/event_groups.o
 .debug_str     0x00000000      0x60f gcc/FreeRTOS/Source/event_groups.o
 .comment       0x00000000       0x27 gcc/FreeRTOS/Source/event_groups.o
 .debug_frame   0x00000000      0x180 gcc/FreeRTOS/Source/event_groups.o
 .ARM.attributes
                0x00000000       0x34 gcc/FreeRTOS/Source/event_groups.o
 .text          0x00000000        0x0 gcc/FreeRTOS/Source/portable/GCC/ARM_CM4F/port.o
 .data          0x00000000        0x0 gcc/FreeRTOS/Source/portable/GCC/ARM_CM4F/port.o
 .bss           0x00000000        0x0 gcc/FreeRTOS/Source/portable/GCC/ARM_CM4F/port.o
 .text.vPortEndScheduler
                0x00000000        0xe gcc/FreeRTOS/Source/portable/GCC/ARM_CM4F/port.o
 .text          0x00000000        0x0 gcc/FreeRTOS/Source/portable/MemMang/heap_4.o
 .data          0x00000000        0x0 gcc/FreeRTOS/Source/portable/MemMang/heap_4.o
 .bss           0x00000000        0x0 gcc/FreeRTOS/Source/portable/MemMang/heap_4.o
 .rodata.xHeapStructSize
                0x00000000        0x4 gcc/FreeRTOS/Source/portable/MemMang/heap_4.o
 .text.xPortGetFreeHeapSize
                0x00000000       0x18 gcc/FreeRTOS/Source/portable/MemMang/heap_4.o
 .text.xPortGetMinimumEverFreeHeapSize
                0x00000000       0x18 gcc/FreeRTOS/Source/portable/MemMang/heap_4.o
 .text.xPortResetHeapMinimumEverFreeHeapSize
                0x00000000       0x20 gcc/FreeRTOS/Source/portable/MemMang/heap_4.o
 .text.vPortInitialiseBlocks
                0x00000000        0xe gcc/FreeRTOS/Source/portable/MemMang/heap_4.o
 .text.pvPortCalloc
                0x00000000       0x60 gcc/FreeRTOS/Source/portable/MemMang/heap_4.o
 .text.vPortGetHeapStats
                0x00000000       0xbc gcc/FreeRTOS/Source/portable/MemMang/heap_4.o
 .text.vPortHeapResetState
                0x00000000       0x40 gcc/FreeRTOS/Source/portable/MemMang/heap_4.o
 .data          0x00000000        0x0 /usr/lib/gcc/arm-none-eabi/13.2.1/../../../arm-none-eabi/lib/thumb/v7e-m+fp/hard/libc_nano.a(libc_a-memset.o)
 .bss           0x00000000        0x0 /usr/lib/gcc/arm-none-eabi/13.2.1/../../../arm-none-eabi/lib/thumb/v7e-m+fp/hard/libc_nano.a(libc_a-memset.o)
 .text          0x00000000      0x134 /usr/lib/gcc/arm-none-eabi/13.2.1/../../../arm-none-eabi/lib/thumb/v7e-m+fp/hard/libc_nano.a(libc_a-memcpy.o)
 .data          0x00000000        0x0 /usr/lib/gcc/arm-none-eabi/13.2.1/../../../arm-none-eabi/lib/thumb/v7e-m+fp/hard/libc_nano.a(libc_a-memcpy.o)
 .bss           0x00000000        0x0 /usr/lib/gcc/arm-none-eabi/13.2.1/../../../arm-none-eabi/lib/thumb/v7e-m+fp/hard/libc_nano.a(libc_a-memcpy.o)
 .ARM.extab     0x00000000        0x0 /usr/lib/gcc/arm-none-eabi/13.2.1/../../../arm-none-eabi/lib/thumb/v7e-m+fp/hard/libc_nano.a(libc_a-memcpy.o)
 .ARM.exidx     0x00000000        0x8 /usr/lib/gcc/arm-none-eabi/13.2.1/../../../arm-none-eabi/lib/thumb/v7e-m+fp/hard/libc_nano.a(libc_a-memcpy.o)
 .debug_line    0x00000000       0xb9 /usr/lib/gcc/arm-none-eabi/13.2.1/../../../arm-none-eabi/lib/thumb/v7e-m+fp/hard/libc_nano.a(libc_a-memcpy.o)
 .debug_line_str
                0x00000000       0x99 /usr/lib/gcc/arm-none-eabi/13.2.1/../../../arm-none-eabi/lib/thumb/v7e-m+fp/hard/libc_nano.a(libc_a-memcpy.o)
 .debug_info    0x00000000       0x33 /usr/lib/gcc/arm-none-eabi/13.2.1/../../../arm-none-eabi/lib/thumb/v7e-m+fp/hard/libc_nano.a(libc_a-memcpy.o)
 .debug_abbrev  0x00000000       0x28 /usr/lib/gcc/arm-none-eabi/13.2.1/../../../arm-none-eabi/lib/thumb/v7e-m+fp/hard/libc_nano.a(libc_a-memcpy.o)
 .debug_aranges
                0x00000000       0x20 /usr/lib/gcc/arm-none-eabi/13.2.1/../../../arm-none-eabi/lib/thumb/v7e-m+fp/hard/libc_nano.a(libc_a-memcpy.o)
 .debug_str     0x00000000       0xac /usr/lib/gcc/arm-none-eabi/13.2.1/../../../arm-none-eabi/lib/thumb/v7e-m+fp/hard/libc_nano.a(libc_a-memcpy.o)
 .eh_frame      0x00000000       0x2c /usr/lib/gcc/arm-none-eabi/13.2.1/../../../arm-none-eabi/lib/thumb/v7e-m+fp/hard/libc_nano.a(libc_a-memcpy.o)
 .ARM.attributes
                0x00000000       0x20 /usr/lib/gcc/arm-none-eabi/13.2.1/../../../arm-none-eabi/lib/thumb/v7e-m+fp/hard/libc_nano.a(libc_a-memcpy.o)

Memory Configuration

Name             Origin             Length             Attributes
FLASH            0x00000000         0x00040000         xr
RAM              0x20000000         0x00007000         xrw
*default*        0x00000000         0xffffffff

Linker script and memory map

LOAD gcc/libs/startup_tm4c123.o
LOAD gcc/libs/system_tm4c123.o
LOAD gcc/src/main.o
LOAD gcc/FreeRTOS/Source/tasks.o
LOAD gcc/FreeRTOS/Source/queue.o
LOAD gcc/FreeRTOS/Source/list.o
LOAD gcc/FreeRTOS/Source/timers.o
LOAD gcc/FreeRTOS/Source/event_groups.o
LOAD gcc/FreeRTOS/Source/portable/GCC/ARM_CM4F/port.o
LOAD gcc/FreeRTOS/Source/portable/MemMang/heap_4.o
LOAD /usr/lib/gcc/arm-none-eabi/13.2.1/../../../arm-none-eabi/lib/thumb/v7e-m+fp/hard/libm.a
LOAD /usr/lib/gcc/arm-none-eabi/13.2.1/../../../arm-none-eabi/lib/thumb/v7e-m+fp/hard/libc_nano.a
LOAD /usr/lib/gcc/arm-none-eabi/13.2.1/thumb/v7e-m+fp/hard/libgcc.a
START GROUP
LOAD /usr/lib/gcc/arm-none-eabi/13.2.1/thumb/v7e-m+fp/hard/libgcc.a
LOAD /usr/lib/gcc/arm-none-eabi/13.2.1/../../../arm-none-eabi/lib/thumb/v7e-m+fp/hard/libg_nano.a
LOAD /usr/lib/gcc/arm-none-eabi/13.2.1/../../../arm-none-eabi/lib/thumb/v7e-m+fp/hard/libc_nano.a
END GROUP
START GROUP
LOAD /usr/lib/gcc/arm-none-eabi/13.2.1/thumb/v7e-m+fp/hard/libgcc.a
LOAD /usr/lib/gcc/arm-none-eabi/13.2.1/../../../arm-none-eabi/lib/thumb/v7e-m+fp/hard/libc_nano.a
END GROUP
                0x00000000                        _text_start = .
                0x00000000                        _text = .

.text           0x00000000     0x17b1
 *(.nvictable)
 .nvictable     0x00000000      0x26c gcc/libs/startup_tm4c123.o
                0x00000000                nvictable
 *(.text*)
 .text.Default_Handler
                0x0000026c       0x18 gcc/libs/startup_tm4c123.o
                0x0000026c                TIMER16_4B_IRQHandler
                0x0000026c                TIMER64_3A_IRQHandler
                0x0000026c                DebugMon_Handler
                0x0000026c                I2C0_IRQHandler
                0x0000026c                TIMER64_0A_IRQHandler
                0x0000026c                TIMER16_1B_IRQHandler
                0x0000026c                HardFault_Handler
                0x0000026c                GPIOE_IRQHandler
                0x0000026c                GPIOB_IRQHandler
                0x0000026c                GPIOA_IRQHandler
                0x0000026c                NMI_Handler
                0x0000026c                TIMER64_4B_IRQHandler
                0x0000026c                I2C1_IRQHandler
                0x0000026c                UART1_IRQHandler
                0x0000026c                ADC0Seq0_IRQHandler
                0x0000026c                TIMER16_5B_IRQHandler
                0x0000026c                UART0_IRQHandler
                0x0000026c                SSI0_IRQHandler
                0x0000026c                ADC0Seq1_IRQHandler
                0x0000026c                UsageFault_Handler
                0x0000026c                Hibernation_IRQHandler
                0x0000026c                TIMER64_5A_IRQHandler
                0x0000026c                PORTD_IRQHandler
                0x0000026c                TIMER64_1A_IRQHandler
                0x0000026c                UDMAError_IRQHandler
                0x0000026c                SSI1_IRQHandler
                0x0000026c                GPIOF_IRQHandler
                0x0000026c                I2C2_IRQHandler
                0x0000026c                LPTimer_IRQHandler
                0x0000026c                Flash_IRQHandler
                0x0000026c                ACOMP1_IRQHandler
                0x0000026c                UART5_IRQHandler
                0x0000026c                GPIOD_IRQHandler
                0x0000026c                TIMER64_2A_IRQHandler
                0x0000026c                ACOMP0_IRQHandler
                0x0000026c                GPIOC_IRQHandler
                0x0000026c                UART2_IRQHandler
                0x0000026c                ADC1Seq0_IRQHandler
                0x0000026c                UART4_IRQHandler
                0x0000026c                TIMER16_3B_IRQHandler
                0x0000026c                TIMER16_3A_IRQHandler
                0x0000026c                TIMER64_0B_IRQHandler
                0x0000026c                Default_Handler
                0x0000026c                TIMER16_4A_IRQHandler
                0x0000026c                TIMER16_0A_IRQHandler
                0x0000026c                USB_IRQHandler
                0x0000026c                ADC1Seq2_IRQHandler
                0x0000026c                ADC1Seq1_IRQHandler
                0x0000026c                TIMER64_3B_IRQHandler
                0x0000026c                TIMER16_2A_IRQHandler
                0x0000026c                I2C3_IRQHandler
                0x0000026c                MemManage_Handler
                0x0000026c                WDT_IRQHandler
                0x0000026c                SysCtl_IRQHandler
                0x0000026c                TIMER16_1A_IRQHandler
                0x0000026c                ADC1Seq3_IRQHandler
                0x0000026c                System_IRQHandler
                0x0000026c                TIMER64_1B_IRQHandler
                0x0000026c                CAN0_IRQHandler
                0x0000026c                TIMER16_2B_IRQHandler
                0x0000026c                ADC0Seq2_IRQHandler
                0x0000026c                PORTA_IRQHandler
                0x0000026c                ADC0Seq3_IRQHandler
                0x0000026c                TIMER16_5A_IRQHandler
                0x0000026c                UART7_IRQHandler
                0x0000026c                UART6_IRQHandler
                0x0000026c                TIMER64_4A_IRQHandler
                0x0000026c                BusFault_Handler
                0x0000026c                UART3_IRQHandler
                0x0000026c                UDMASoft_IRQHandler
                0x0000026c                TIMER16_0B_IRQHandler
                0x0000026c                TIMER64_5B_IRQHandler
                0x0000026c                TIMER64_2B_IRQHandler
 .text._main    0x00000284        0xe gcc/libs/startup_tm4c123.o
                0x00000284                _main
 .text._stop    0x00000292        0x6 gcc/libs/startup_tm4c123.o
                0x00000292                _stop
 .text.Reset_Handler
                0x00000298       0x68 gcc/libs/startup_tm4c123.o
                0x00000298                Reset_Handler
 .text.SystemInit
                0x00000300       0x1c gcc/libs/system_tm4c123.o
                0x00000300                SystemInit
 .text.gpio_init
                0x0000031c       0x5c gcc/src/main.o
                0x0000031c                gpio_init
 .text.red_led_task
                0x00000378       0x48 gcc/src/main.o
                0x00000378                red_led_task
 .text.green_led_task
                0x000003c0       0x44 gcc/src/main.o
                0x000003c0                green_led_task
 .text.blue_led_task
                0x00000404       0x48 gcc/src/main.o
                0x00000404                blue_led_task
 .text.main     0x0000044c       0x68 gcc/src/main.o
                0x0000044c                main
 .text.prvCreateTask
                0x000004b4       0x78 gcc/FreeRTOS/Source/tasks.o
 .text.xTaskCreate
                0x0000052c       0x46 gcc/FreeRTOS/Source/tasks.o
                0x0000052c                xTaskCreate
 .text.prvInitialiseNewTask
                0x00000572       0xca gcc/FreeRTOS/Source/tasks.o
 .text.prvAddNewTaskToReadyList
                0x0000063c      0x128 gcc/FreeRTOS/Source/tasks.o
 .text.vTaskDelay
                0x00000764       0x48 gcc/FreeRTOS/Source/tasks.o
                0x00000764                vTaskDelay
 .text.prvCreateIdleTasks
                0x000007ac       0xac gcc/FreeRTOS/Source/tasks.o
 .text.vTaskStartScheduler
                0x00000858       0x5c gcc/FreeRTOS/Source/tasks.o
                0x00000858                vTaskStartScheduler
 .text.vTaskSuspendAll
                0x000008b4       0x1c gcc/FreeRTOS/Source/tasks.o
                0x000008b4                vTaskSuspendAll
 .text.xTaskResumeAll
                0x000008d0      0x1f0 gcc/FreeRTOS/Source/tasks.o
                0x000008d0                xTaskResumeAll
 .text.xTaskIncrementTick
                0x00000ac0      0x210 gcc/FreeRTOS/Source/tasks.o
                0x00000ac0                xTaskIncrementTick
 .text.vTaskSwitchContext
                0x00000cd0       0x90 gcc/FreeRTOS/Source/tasks.o
                0x00000cd0                vTaskSwitchContext
 .text.prvIdleTask
                0x00000d60       0x30 gcc/FreeRTOS/Source/tasks.o
 .text.prvInitialiseTaskLists
                0x00000d90       0x80 gcc/FreeRTOS/Source/tasks.o
 .text.prvCheckTasksWaitingTermination
                0x00000e10       0x5c gcc/FreeRTOS/Source/tasks.o
 .text.prvDeleteTCB
                0x00000e6c       0x20 gcc/FreeRTOS/Source/tasks.o
 .text.prvResetNextTaskUnblockTime
                0x00000e8c       0x38 gcc/FreeRTOS/Source/tasks.o
 .text.prvAddCurrentTaskToDelayedList
                0x00000ec4      0x104 gcc/FreeRTOS/Source/tasks.o
 .text.vListInitialise
                0x00000fc8       0x40 gcc/FreeRTOS/Source/list.o
                0x00000fc8                vListInitialise
 .text.vListInitialiseItem
                0x00001008       0x1a gcc/FreeRTOS/Source/list.o
                0x00001008                vListInitialiseItem
 .text.vListInsert
                0x00001022       0x72 gcc/FreeRTOS/Source/list.o
                0x00001022                vListInsert
 .text.uxListRemove
                0x00001094       0x54 gcc/FreeRTOS/Source/list.o
                0x00001094                uxListRemove
 .text.pxPortInitialiseStack
                0x000010e8       0x68 gcc/FreeRTOS/Source/portable/GCC/ARM_CM4F/port.o
                0x000010e8                pxPortInitialiseStack
 .text.prvTaskExitError
                0x00001150       0x34 gcc/FreeRTOS/Source/portable/GCC/ARM_CM4F/port.o
 .text.SVC_Handler
                0x00001184       0x24 gcc/FreeRTOS/Source/portable/GCC/ARM_CM4F/port.o
                0x00001184                SVC_Handler
 .text.prvPortStartFirstTask
                0x000011a8       0x2c gcc/FreeRTOS/Source/portable/GCC/ARM_CM4F/port.o
 .text.xPortStartScheduler
                0x000011d4       0x70 gcc/FreeRTOS/Source/portable/GCC/ARM_CM4F/port.o
                0x000011d4                xPortStartScheduler
 .text.vPortEnterCritical
                0x00001244       0x34 gcc/FreeRTOS/Source/portable/GCC/ARM_CM4F/port.o
                0x00001244                vPortEnterCritical
 .text.vPortExitCritical
                0x00001278       0x34 gcc/FreeRTOS/Source/portable/GCC/ARM_CM4F/port.o
                0x00001278                vPortExitCritical
 .text.PendSV_Handler
                0x000012ac       0x64 gcc/FreeRTOS/Source/portable/GCC/ARM_CM4F/port.o
                0x000012ac                PendSV_Handler
 .text.SysTick_Handler
                0x00001310       0x44 gcc/FreeRTOS/Source/portable/GCC/ARM_CM4F/port.o
                0x00001310                SysTick_Handler
 .text.vPortSetupTimerInterrupt
                0x00001354       0x34 gcc/FreeRTOS/Source/portable/GCC/ARM_CM4F/port.o
                0x00001354                vPortSetupTimerInterrupt
 .text.vPortEnableVFP
                0x00001388       0x18 gcc/FreeRTOS/Source/portable/GCC/ARM_CM4F/port.o
 .text.pvPortMalloc
                0x000013a0      0x164 gcc/FreeRTOS/Source/portable/MemMang/heap_4.o
                0x000013a0                pvPortMalloc
 .text.vPortFree
                0x00001504       0x74 gcc/FreeRTOS/Source/portable/MemMang/heap_4.o
                0x00001504                vPortFree
 .text.prvHeapInit
                0x00001578       0xb4 gcc/FreeRTOS/Source/portable/MemMang/heap_4.o
 .text.prvInsertBlockIntoFreeList
                0x0000162c       0xb4 gcc/FreeRTOS/Source/portable/MemMang/heap_4.o
 .text          0x000016e0       0xa4 /usr/lib/gcc/arm-none-eabi/13.2.1/../../../arm-none-eabi/lib/thumb/v7e-m+fp/hard/libc_nano.a(libc_a-memset.o)
                0x000016e0                memset
                0x00001784                        . = ALIGN (0x4)
 *(.rodata*)
 .rodata        0x00001784       0x22 gcc/src/main.o
 *fill*         0x000017a6        0x2 
 .rodata.uxTopUsedPriority
                0x000017a8        0x4 gcc/FreeRTOS/Source/tasks.o
 .rodata        0x000017ac        0x5 gcc/FreeRTOS/Source/tasks.o

.glue_7         0x000017b4        0x0
 .glue_7        0x000017b4        0x0 linker stubs

.glue_7t        0x000017b4        0x0
 .glue_7t       0x000017b4        0x0 linker stubs

.vfp11_veneer   0x000017b4        0x0
 .vfp11_veneer  0x000017b4        0x0 linker stubs

.v4_bx          0x000017b4        0x0
 .v4_bx         0x000017b4        0x0 linker stubs

.iplt           0x000017b4        0x0
 .iplt          0x000017b4        0x0 gcc/libs/startup_tm4c123.o

.rel.dyn        0x000017b4        0x0
 .rel.iplt      0x000017b4        0x0 gcc/libs/startup_tm4c123.o

.ARM.extab
 *(.ARM.extab* .gnu.linkonce.armextab.*)
                0x000017b1                        _exidx_start = .

.ARM.exidx
 *(.ARM.exidx* .gnu.linkonce.armexidx.*)
                0x000017b1                        _exidx_end = .
                0x000017b1                        _text_end = .
                0x000017b1                        _etext = .

.data           0x20000000        0x8 load address 0x000017b1
                0x20000000                        . = ALIGN (0x4)
                0x20000000                        _data_start = .
 *(.data*)
 .data.SystemCoreClock
                0x20000000        0x4 gcc/libs/system_tm4c123.o
                0x20000000                SystemCoreClock
 .data.uxCriticalNesting
                0x20000004        0x4 gcc/FreeRTOS/Source/portable/GCC/ARM_CM4F/port.o
 *(vtable*)
                0x20000008                        _data_end = .

.igot.plt       0x20000008        0x0 load address 0x000017bc
 .igot.plt      0x20000008        0x0 gcc/libs/startup_tm4c123.o

.bss            0x20000008     0x4124 load address 0x000017bc
                0x20000008                        . = ALIGN (0x4)
                0x20000008                        _bss_start = .
 *(.bss*)
 .bss.intmask   0x20000008        0x4 gcc/libs/startup_tm4c123.o
 .bss.pxCurrentTCB
                0x2000000c        0x4 gcc/FreeRTOS/Source/tasks.o
                0x2000000c                pxCurrentTCB
 .bss.pxReadyTasksLists
                0x20000010       0x64 gcc/FreeRTOS/Source/tasks.o
 .bss.xDelayedTaskList1
                0x20000074       0x14 gcc/FreeRTOS/Source/tasks.o
 .bss.xDelayedTaskList2
                0x20000088       0x14 gcc/FreeRTOS/Source/tasks.o
 .bss.pxDelayedTaskList
                0x2000009c        0x4 gcc/FreeRTOS/Source/tasks.o
 .bss.pxOverflowDelayedTaskList
                0x200000a0        0x4 gcc/FreeRTOS/Source/tasks.o
 .bss.xPendingReadyList
                0x200000a4       0x14 gcc/FreeRTOS/Source/tasks.o
 .bss.xTasksWaitingTermination
                0x200000b8       0x14 gcc/FreeRTOS/Source/tasks.o
 .bss.uxDeletedTasksWaitingCleanUp
                0x200000cc        0x4 gcc/FreeRTOS/Source/tasks.o
 .bss.xSuspendedTaskList
                0x200000d0       0x14 gcc/FreeRTOS/Source/tasks.o
 .bss.uxCurrentNumberOfTasks
                0x200000e4        0x4 gcc/FreeRTOS/Source/tasks.o
 .bss.xTickCount
                0x200000e8        0x4 gcc/FreeRTOS/Source/tasks.o
 .bss.uxTopReadyPriority
                0x200000ec        0x4 gcc/FreeRTOS/Source/tasks.o
 .bss.xSchedulerRunning
                0x200000f0        0x4 gcc/FreeRTOS/Source/tasks.o
 .bss.xPendedTicks
                0x200000f4        0x4 gcc/FreeRTOS/Source/tasks.o
 .bss.xYieldPendings
                0x200000f8        0x4 gcc/FreeRTOS/Source/tasks.o
 .bss.xNumOfOverflows
                0x200000fc        0x4 gcc/FreeRTOS/Source/tasks.o
 .bss.uxTaskNumber
                0x20000100        0x4 gcc/FreeRTOS/Source/tasks.o
 .bss.xNextTaskUnblockTime
                0x20000104        0x4 gcc/FreeRTOS/Source/tasks.o
 .bss.xIdleTaskHandles
                0x20000108        0x4 gcc/FreeRTOS/Source/tasks.o
 .bss.uxSchedulerSuspended
                0x2000010c        0x4 gcc/FreeRTOS/Source/tasks.o
 .bss.ucHeap    0x20000110     0x4000 gcc/FreeRTOS/Source/portable/MemMang/heap_4.o
 .bss.xStart    0x20004110        0x8 gcc/FreeRTOS/Source/portable/MemMang/heap_4.o
 .bss.pxEnd     0x20004118        0x4 gcc/FreeRTOS/Source/portable/MemMang/heap_4.o
 .bss.xFreeBytesRemaining
                0x2000411c        0x4 gcc/FreeRTOS/Source/portable/MemMang/heap_4.o
 .bss.xMinimumEverFreeBytesRemaining
                0x20004120        0x4 gcc/FreeRTOS/Source/portable/MemMang/heap_4.o
 .bss.xNumberOfSuccessfulAllocations
                0x20004124        0x4 gcc/FreeRTOS/Source/portable/MemMang/heap_4.o
 .bss.xNumberOfSuccessfulFrees
                0x20004128        0x4 gcc/FreeRTOS/Source/portable/MemMang/heap_4.o
                0x2000412c                        . = ALIGN (0x4)
 *(COMMON*)
                0x2000412c                        . = ALIGN (0x4)
                0x2000412c                        _bss_end = .
                0x2000412c                        Heap_Mem = .

.heap           0x2000412c        0x0
                0x2000412c                        _end = .
 *(.heap*)
                0x2000412c                        _HeapLimit = .

.stack_dummy    0x2000412c        0x0
                0x2000412c                        . = ALIGN (0x4)
 *(.stack*)
                0x20007000                        _StackTop = (ORIGIN (RAM) + LENGTH (RAM))
                0x20007000                        _StackLimit = (_StackTop - SIZEOF (.stack_dummy))
                [!provide]                        PROVIDE (_stack = _StackTop)
                0x00000001                        ASSERT ((_StackLimit >= _HeapLimit), region RAM overflowed with stack)
OUTPUT(gcc/main.axf elf32-littlearm)
LOAD linker stubs

.debug_info     0x00000000     0x43f5
 .debug_info    0x00000000      0x31b gcc/libs/startup_tm4c123.o
 .debug_info    0x0000031b      0xdbd gcc/libs/system_tm4c123.o
 .debug_info    0x000010d8      0xe3a gcc/src/main.o
 .debug_info    0x00001f12     0x1959 gcc/FreeRTOS/Source/tasks.o
 .debug_info    0x0000386b      0x29a gcc/FreeRTOS/Source/list.o
 .debug_info    0x00003b05      0x31b gcc/FreeRTOS/Source/portable/GCC/ARM_CM4F/port.o
 .debug_info    0x00003e20      0x4a0 gcc/FreeRTOS/Source/portable/MemMang/heap_4.o
 .debug_info    0x000042c0      0x135 /usr/lib/gcc/arm-none-eabi/13.2.1/../../../arm-none-eabi/lib/thumb/v7e-m+fp/hard/libc_nano.a(libc_a-memset.o)

.debug_abbrev   0x00000000      0xe77
 .debug_abbrev  0x00000000      0x145 gcc/libs/startup_tm4c123.o
 .debug_abbrev  0x00000145      0x233 gcc/libs/system_tm4c123.o
 .debug_abbrev  0x00000378      0x1d3 gcc/src/main.o
 .debug_abbrev  0x0000054b      0x379 gcc/FreeRTOS/Source/tasks.o
 .debug_abbrev  0x000008c4       0xec gcc/FreeRTOS/Source/list.o
 .debug_abbrev  0x000009b0      0x21d gcc/FreeRTOS/Source/portable/GCC/ARM_CM4F/port.o
 .debug_abbrev  0x00000bcd      0x1f3 gcc/FreeRTOS/Source/portable/MemMang/heap_4.o
 .debug_abbrev  0x00000dc0       0xb7 /usr/lib/gcc/arm-none-eabi/13.2.1/../../../arm-none-eabi/lib/thumb/v7e-m+fp/hard/libc_nano.a(libc_a-memset.o)

.debug_aranges  0x00000000      0x3a8
 .debug_aranges
                0x00000000       0x40 gcc/libs/startup_tm4c123.o
 .debug_aranges
                0x00000040       0x48 gcc/libs/system_tm4c123.o
 .debug_aranges
                0x00000088       0x40 gcc/src/main.o
 .debug_aranges
                0x000000c8      0x198 gcc/FreeRTOS/Source/tasks.o
 .debug_aranges
                0x00000260       0x40 gcc/FreeRTOS/Source/list.o
 .debug_aranges
                0x000002a0       0x78 gcc/FreeRTOS/Source/portable/GCC/ARM_CM4F/port.o
 .debug_aranges
                0x00000318       0x70 gcc/FreeRTOS/Source/portable/MemMang/heap_4.o
 .debug_aranges
                0x00000388       0x20 /usr/lib/gcc/arm-none-eabi/13.2.1/../../../arm-none-eabi/lib/thumb/v7e-m+fp/hard/libc_nano.a(libc_a-memset.o)

.debug_rnglists
                0x00000000      0x2ae
 .debug_rnglists
                0x00000000       0x2b gcc/libs/startup_tm4c123.o
 .debug_rnglists
                0x0000002b       0x34 gcc/libs/system_tm4c123.o
 .debug_rnglists
                0x0000005f       0x2b gcc/src/main.o
 .debug_rnglists
                0x0000008a      0x151 gcc/FreeRTOS/Source/tasks.o
 .debug_rnglists
                0x000001db       0x2b gcc/FreeRTOS/Source/list.o
 .debug_rnglists
                0x00000206       0x55 gcc/FreeRTOS/Source/portable/GCC/ARM_CM4F/port.o
 .debug_rnglists
                0x0000025b       0x53 gcc/FreeRTOS/Source/portable/MemMang/heap_4.o

.debug_line     0x00000000     0x21d5
 .debug_line    0x00000000      0x129 gcc/libs/startup_tm4c123.o
 .debug_line    0x00000129      0x4b1 gcc/libs/system_tm4c123.o
 .debug_line    0x000005da      0x1b1 gcc/src/main.o
 .debug_line    0x0000078b      0xf92 gcc/FreeRTOS/Source/tasks.o
 .debug_line    0x0000171d      0x1ec gcc/FreeRTOS/Source/list.o
 .debug_line    0x00001909      0x2c6 gcc/FreeRTOS/Source/portable/GCC/ARM_CM4F/port.o
 .debug_line    0x00001bcf      0x450 gcc/FreeRTOS/Source/portable/MemMang/heap_4.o
 .debug_line    0x0000201f      0x1b6 /usr/lib/gcc/arm-none-eabi/13.2.1/../../../arm-none-eabi/lib/thumb/v7e-m+fp/hard/libc_nano.a(libc_a-memset.o)

.debug_str      0x00000000     0x1b78
 .debug_str     0x00000000     0x1b78 gcc/libs/startup_tm4c123.o
                                0x277 (size before relaxing)
 .debug_str     0x00001b78      0x83a gcc/libs/system_tm4c123.o
 .debug_str     0x00001b78      0x84f gcc/src/main.o
 .debug_str     0x00001b78      0xe5a gcc/FreeRTOS/Source/tasks.o
 .debug_str     0x00001b78      0x2c9 gcc/FreeRTOS/Source/list.o
 .debug_str     0x00001b78      0x364 gcc/FreeRTOS/Source/portable/GCC/ARM_CM4F/port.o
 .debug_str     0x00001b78      0x523 gcc/FreeRTOS/Source/portable/MemMang/heap_4.o
 .debug_str     0x00001b78      0x1ad /usr/lib/gcc/arm-none-eabi/13.2.1/../../../arm-none-eabi/lib/thumb/v7e-m+fp/hard/libc_nano.a(libc_a-memset.o)

.comment        0x00000000       0x26
 .comment       0x00000000       0x26 gcc/libs/startup_tm4c123.o
                                 0x27 (size before relaxing)
 .comment       0x00000026       0x27 gcc/libs/system_tm4c123.o
 .comment       0x00000026       0x27 gcc/src/main.o
 .comment       0x00000026       0x27 gcc/FreeRTOS/Source/tasks.o
 .comment       0x00000026       0x27 gcc/FreeRTOS/Source/list.o
 .comment       0x00000026       0x27 gcc/FreeRTOS/Source/portable/GCC/ARM_CM4F/port.o
 .comment       0x00000026       0x27 gcc/FreeRTOS/Source/portable/MemMang/heap_4.o
 .comment       0x00000026       0x27 /usr/lib/gcc/arm-none-eabi/13.2.1/../../../arm-none-eabi/lib/thumb/v7e-m+fp/hard/libc_nano.a(libc_a-memset.o)

.ARM.attributes
                0x00000000       0x32
 .ARM.attributes
                0x00000000       0x34 gcc/libs/startup_tm4c123.o
 .ARM.attributes
                0x00000034       0x34 gcc/libs/system_tm4c123.o
 .ARM.attributes
                0x00000068       0x34 gcc/src/main.o
 .ARM.attributes
                0x0000009c       0x34 gcc/FreeRTOS/Source/tasks.o
 .ARM.attributes
                0x000000d0       0x34 gcc/FreeRTOS/Source/list.o
 .ARM.attributes
                0x00000104       0x34 gcc/FreeRTOS/Source/portable/GCC/ARM_CM4F/port.o
 .ARM.attributes
                0x00000138       0x34 gcc/FreeRTOS/Source/portable/MemMang/heap_4.o
 .ARM.attributes
                0x0000016c       0x34 /usr/lib/gcc/arm-none-eabi/13.2.1/../../../arm-none-eabi/lib/thumb/v7e-m+fp/hard/libc_nano.a(libc_a-memset.o)

.debug_frame    0x00000000      0xd30
 .debug_frame   0x00000000       0x90 gcc/libs/startup_tm4c123.o
 .debug_frame   0x00000090       0xe8 gcc/libs/system_tm4c123.o
 .debug_frame   0x00000178       0xb0 gcc/src/main.o
 .debug_frame   0x00000228      0x6fc gcc/FreeRTOS/Source/tasks.o
 .debug_frame   0x00000924       0xd8 gcc/FreeRTOS/Source/list.o
 .debug_frame   0x000009fc      0x178 gcc/FreeRTOS/Source/portable/GCC/ARM_CM4F/port.o
 .debug_frame   0x00000b74      0x190 gcc/FreeRTOS/Source/portable/MemMang/heap_4.o
 .debug_frame   0x00000d04       0x2c /usr/lib/gcc/arm-none-eabi/13.2.1/../../../arm-none-eabi/lib/thumb/v7e-m+fp/hard/libc_nano.a(libc_a-memset.o)

.debug_loclists
                0x00000000      0x1c2
 .debug_loclists
                0x00000000      0x1c2 /usr/lib/gcc/arm-none-eabi/13.2.1/../../../arm-none-eabi/lib/thumb/v7e-m+fp/hard/libc_nano.a(libc_a-memset.o)
